
> my-next-app@0.1.0 build
> next build

Ôû▓ Next.js 16.1.6 (Turbopack)

  Creating an optimized production build ...
Ô£ô Compiled successfully in 4.7s
  Running TypeScript ...
Failed to compile.

./app/(public)/avis-clients/page.tsx:185:13
Type error: Type 'Category' is not assignable to type 'Category'. Two different types with this name exist, but they are unrelated.
  Type '"Voiture"' is not assignable to type 'Category'. Did you mean '"Voitures"'?

  183 |         <FadeIn delay={600}>
  184 |           <ReviewFilters
> 185 |             selectedCategory={selectedCategory}
      |             ^
  186 |             setSelectedCategory={setSelectedCategory}
  187 |             selectedRating={selectedRating}
  188 |             setSelectedRating={setSelectedRating}
Next.js build worker exited with code: 1 and signal: null
